Hello from test script.